// Jest Snapshot v1, https://goo.gl/fbAQLP

exports[`Component: Not Found should render correctly vs. snapshot 1`] = `
<div>
  <div
    class="not-found"
  >
    <header
      class="header"
      id="header"
    >
      <div
        class="container header__wrapper"
      >
        <a
          class="header__logo logo"
          href="/#"
        >
          <img
            alt="Логотип"
            class="logo__img"
            height="70"
            src="./img/svg/logo.svg"
            width="70"
          />
        </a>
      </div>
    </header>
    <main
      class="page-content"
    >
      <div
        class="container"
      >
        <h1
          class="page-content__title title title--not-found "
        >
          404 Not Found
        </h1>
      </div>
    </main>
  </div>
</div>
`;
